I'm sorry, but errors were detected in your script. Please correct the
errors listed below, and try again.


File "game/day_one_events.rpy", line 225: expected statement.
    for character, affection_level in affection.items():
                 ^

Ren'Py Version: Ren'Py 8.2.1.24030407
Sun Jun 30 11:28:48 2024
